DIEAREA ALL                              4      0
NAME    M0PO                             1      1
M0PO    PIN                              1      2
M0PO    NET:MASK:1                       1      100
M0PO    NET:MASK:2                       1      200
M0PO    SPNET:MASK:1                     1      101
M0PO    SPNET:MASK:2                     1      201
M0PO    VIA:MASK:1                       1      102
M0PO    VIA:MASK:2                       1      202
M0PO    PIN:MASK:1                       1      110
M0PO    PIN:MASK:2                       1      210
NAME    VIA0                             2      1
VIA0    PIN                              2      2
VIA0    NET:MASK:1                       2      100
VIA0    NET:MASK:2                       2      200
VIA0    SPNET:MASK:1                     2      101
VIA0    SPNET:MASK:2                     2      201
VIA0    VIA:MASK:1                       2      102
VIA0    VIA:MASK:2                       2      202
VIA0    PIN:MASK:1                       2      110
VIA0    PIN:MASK:2                       2      210
NAME    M1                               3      1
M1      PIN                              3      2
M1      NET:MASK:1                       3      100
M1      NET:MASK:2                       3      200
M1      SPNET:MASK:1                     3      101
M1      SPNET:MASK:2                     3      201
M1      VIA:MASK:1                       3      102
M1      VIA:MASK:2                       3      202
M1      PIN:MASK:1                       3      110
M1      PIN:MASK:2                       3      210
