DIEAREA ALL                              100      0
M0PO    LEFPIN                           10       0
M0PO    LEFPIN:MASK:1                    10       1
M0PO    LEFPIN:MASK:2                    10       2
M0PO    PIN                              10       10
M0PO    PIN:MASK:1                       10       11
M0PO    PIN:MASK:2                       10       12
M0PO    NET                              10       20
M0PO    NET:MASK:1                       10       21
M0PO    NET:MASK:2                       10       22
M0PO    SPNET                            10       30
M0PO    SPNET:MASK:1                     10       31
M0PO    SPNET:MASK:2                     10       32
M0PO    VIA                              10       30
M0PO    VIA:MASK:1                       10       31
M0PO    VIA:MASK:2                       10       32
VIA     LEFPIN                           11       0
VIA     LEFPIN:MASK:1                    11       1
VIA     LEFPIN:MASK:2                    11       2
VIA     PIN                              11       10
VIA     PIN:MASK:1                       11       11
VIA     PIN:MASK:2                       11       12
VIA     NET                              11       20
VIA     NET:MASK:1                       11       21
VIA     NET:MASK:2                       11       22
VIA     SPNET                            11       30
VIA     SPNET:MASK:1                     11       31
VIA     SPNET:MASK:2                     11       32
VIA     VIA                              11       30
VIA     VIA:MASK:1                       11       31
VIA     VIA:MASK:2                       11       32
M1      LEFPIN                           12       0
M1      LEFPIN:MASK:1                    12       1
M1      LEFPIN:MASK:2                    12       2
M1      PIN                              12       10
M1      PIN:MASK:1                       12       11
M1      PIN:MASK:2                       12       12
M1      NET                              12       20
M1      NET:MASK:1                       12       21
M1      NET:MASK:2                       12       22
M1      SPNET                            12       30
M1      SPNET:MASK:1                     12       31
M1      SPNET:MASK:2                     12       32
M1      VIA                              12       30
M1      VIA:MASK:1                       12       31
M1      VIA:MASK:2                       12       32
