DIEAREA ALL                              100      0
M0PO    LEFPIN,LEFOBS,PIN,NET,SPNET,VIA  10       0
VIA0    LEFPIN,LEFOBS,VIA,PIN,NET,SPNET  11       0
M1      LEFPIN                           12       0
M1      LEFOBS                           12       1
M1      PIN                              12       2
M1      NET                              12       3
M1      SPNET                            12       4
M1      VIA                              12       5
M1      FILLOPC                          12       100
M1      FILLOPC:MASK:1                   12       101
M1      FILLOPC:MASK:2                   12       102
M1      BLOCKAGEFILL                     12       150
M1      BLOCKAGE                         12       151
M1      FILL                             12       152
M1      PINNAME                          12       10
M1      LEFPINNAME                       12       10
VIA1    LEFPIN,LEFOBS,VIA,PIN,NET,SPNET  13       0
M2      LEFPIN,LEFOBS,PIN,NET,SPNET,VIA  14       0
